Painful errors so that I don't have to re google

Regex link
http://cheatography.com/davechild/cheat-sheets/regular-expressions/

Superuser
username - rango 
pw - rango 

-on the main url.py page needs to use the patterns function, not define a tuple
-don't apply EOL to a string, won't parse properly

-find correct way to place templates directory
'DIRS': [TEMPLATE_PATH,], where template path is 'path'

-bug with adding slug to category models, added the default then just did migrate






NOTES and SUMMARIES
==========================================================

Summary - Templates
-create template, specify path in setting.py
-view is where the template is actually used
-create view within project dir, view.py. Can add logic ie. extracting data from a DB
-construct dictionary to pass
-map view to url on url.py

==========================================================

Summary - Models 
-create models, do makemig on the app, then run pm sqlmigrate app mig#
-for every new model, makemig -> mig
-configue DB in setting.py
-create model in app's models.py, update admin.py to register model, do makemig -> mig, create population script for models
-if db needs to be deleted, migrate, createsuperuser, sqlmigrate

==========================================================

Summary - Models, Templates and Views
-data driven apps, import models, query models to get data, pass results from model into template, set up template, map URL to view

==========================================================

Summary - Forms
-isolate forms in the application's form.py module
-create the view, template, add url and add it on through the index
-forms.py -> create views.py -> create template -> add url -> link it up on whatever page it is meant to be displayed
-views take the data from the models and pass it to the template as a context dict

==========================================================

Summary - Authentication
-create the models, forms, views, urls
-login/logout, restrict access if not logged in

==========================================================

Summary - Working with templates
-reduce redundant html, use a base template and create blocks for content
-template does not exist error, correct dir needed to be in template/base.html
-as pages are replaced with templates, some footer links should not be displayed

==========================================================

Summary - Cookies and sessions
-cookies are stored on the server side and provided on request by the client (post visit)
-can used sessions instead of cookies for safety purposes
-super confused

==========================================================

Summary - User auth, django-resgistration-redux









